<html>
<body>
<pre>
<h1>µVision Build Log</h1>
<h2>Tool Versions:</h2>
IDE-Version: µVision V5.38.0.0
Copyright (C) 2022 ARM Ltd and ARM Germany GmbH. All rights reserved.
License Information:  ,   , LIC=----
 
Tool Versions:
Toolchain:       MDK-Lite  Version: 5.38.0.0
Toolchain Path:  C:\Keil_v5\ARM\ARMCLANG\Bin
C Compiler:      ArmClang.exe V6.19
Assembler:       Armasm.exe V6.19
Linker/Locator:  ArmLink.exe V6.19
Library Manager: ArmAr.exe V6.19
Hex Converter:   FromElf.exe V6.19
CPU DLL:         SARMCM3.DLL V5.38.0.0
Dialog DLL:      DCM.DLL V1.17.5.0
Target DLL:      STLink\ST-LINKIII-KEIL_SWO.dll V3.1.0.0
Dialog DLL:      TCM.DLL V1.56.4.0
 
<h2>Project:</h2>
X:\Projects\Keil\Light Test\blinky.uvprojx
Project File Date:  02/01/2023

<h2>Output:</h2>
*** Using Compiler 'V6.19', folder: 'C:\Keil_v5\ARM\ARMCLANG\Bin'
Rebuild target 'Target 1'
GPIO.c(32): warning: In file included from...
./CLOCK.h(39): warning: // comments are not allowed in this language [-Wcomment]
#define PLL_P 0 //0 to the sixteenth position (PLL=2)
                ^
1 warning generated.
compiling GPIO.c...
assembling startup_stm32f446xx.s...
CLOCK.c(31): warning: In file included from...
./CLOCK.h(39): warning: // comments are not allowed in this language [-Wcomment]
#define PLL_P 0 //0 to the sixteenth position (PLL=2)
                ^
CLOCK.c(60): warning: // comments are not allowed in this language [-Wcomment]
RCC->CR |=RCC_CR_HSEON; // set CR bit 16 
                        ^
2 warnings generated.
compiling CLOCK.c...
compiling system_stm32f4xx.c...
SYS_INIT.c(36): warning: // comments are not allowed in this language [-Wcomment]
// Systick ISR executes every milli-second
^
1 warning generated.
compiling SYS_INIT.c...
USART.c(31): warning: In file included from...
./USART.h(49): warning: // comments are not allowed in this language [-Wcomment]
// USART 2 Configuration
^
USART.c(34): warning: In file included from...
./CLOCK.h(39): warning: // comments are not allowed in this language [-Wcomment]
#define PLL_P 0 //0 to the sixteenth position (PLL=2)
                ^
USART.c(47): warning: variable declaration in for loop is a C99-specific feature [-Wc99-extensions]
        for(uint8_t i=0;i<size;i++){
            ^
USART.c(47): warning: GCC does not allow variable declarations in for loop initializers before C99 [-Wgcc-compat]
USART.c(58): warning: variable declaration in for loop is a C99-specific feature [-Wc99-extensions]
        for(uint8_t i=0;i<size;i++){
            ^
USART.c(58): warning: GCC does not allow variable declarations in for loop initializers before C99 [-Wgcc-compat]
USART.c(76): warning: // comments are not allowed in this language [-Wcomment]
// Send a string to the UART PORTx
^
7 warnings generated.
compiling USART.c...
main.c(1): warning: In file included from...
./CLOCK.h(39): warning: // comments are not allowed in this language [-Wcomment]
#define PLL_P 0 //0 to the sixteenth position (PLL=2)
                ^
main.c(10): warning: a function declaration without a prototype is deprecated in all versions of C [-Wstrict-prototypes]
int random(){
          ^
           void
main.c(10): warning: no previous prototype for function 'random' [-Wmissing-prototypes]
int random(){
    ^
main.c(10): note: declare 'static' if the function is not intended to be used outside of this translation unit
int random(){
^
static 
main.c(17): warning: no previous prototype for function 'max' [-Wmissing-prototypes]
int max(int a, int b){
    ^
main.c(17): note: declare 'static' if the function is not intended to be used outside of this translation unit
int max(int a, int b){
^
static 
main.c(42): warning: // comments are not allowed in this language [-Wcomment]
        // GPIO_InitTypeDef carR[] = {PA7, PA6, PA5};
        ^
main.c(43): warning: initializer for aggregate is not a compile-time constant [-Wc99-extensions]
        GPIO_InitTypeDef carR[] = {PA5, PA6, PA7};
                                   ^~~
main.c(51): warning: initializer for aggregate is not a compile-time constant [-Wc99-extensions]
        GPIO_InitTypeDef carL[] = {PB15, PB14, PB13};
                                   ^~~~
main.c(59): warning: initializer for aggregate is not a compile-time constant [-Wc99-extensions]
        GPIO_InitTypeDef carD[] = {PA9, PA12, PA11};
                                   ^~~
main.c(66): warning: initializer for aggregate is not a compile-time constant [-Wc99-extensions]
        GPIO_InitTypeDef carU[] = {PA10, PB5, PA8};
                                   ^~~~
main.c(35): warning: mixing declarations and code is a C99 extension [-Wdeclaration-after-statement]
        uint32_t frame_period = 50; /* ANIMATION FRAME TIME */
                 ^
main.c(82): warning: unused variable 'loadR' [-Wunused-variable]
        int loadR = random();
            ^
main.c(35): warning: unused variable 'frame_period' [-Wunused-variable]
        uint32_t frame_period = 50; /* ANIMATION FRAME TIME */
                 ^
main.c(81): warning: unused variable 'loadL' [-Wunused-variable]
        int loadL = random();
            ^
main.c(84): warning: unused variable 'loadD' [-Wunused-variable]
        int loadD = random();
            ^
main.c(83): warning: unused variable 'loadU' [-Wunused-variable]
        int loadU = random();
            ^
main.c(85): warning: unused variable 'loadUD' [-Wunused-variable]
        int loadi, loadLR, loadUD;
                           ^
main.c(85): warning: unused variable 'loadLR' [-Wunused-variable]
        int loadi, loadLR, loadUD;
                   ^
main.c(85): warning: unused variable 'loadi' [-Wunused-variable]
        int loadi, loadLR, loadUD;
            ^
main.c(87): warning: unused variable 'GreenUDflag' [-Wunused-variable]
        int GreenUDflag = 1;
            ^
main.c(88): warning: unused variable 'GreenLRflag' [-Wunused-variable]
  int GreenLRflag = 0;
      ^
20 warnings generated.
compiling main.c...
linking...
Program Size: Code=2944 RO-data=844 RW-data=4 ZI-data=1872  
".\Objects\blinky.axf" - 0 Error(s), 31 Warning(s).

<h2>Software Packages used:</h2>

Package Vendor: ARM
                http://www.keil.com/pack/ARM.CMSIS.5.9.0.pack
                ARM.CMSIS.5.9.0
                CMSIS (Common Microcontroller Software Interface Standard)
   * Component: CORE Version: 5.6.0

Package Vendor: Keil
                https://www.keil.com/pack/Keil.STM32F4xx_DFP.2.17.0.pack
                Keil.STM32F4xx_DFP.2.17.0
                STMicroelectronics STM32F4 Series Device Support, Drivers and Examples
   * Component: Startup Version: 2.6.3

<h2>Collection of Component include folders:</h2>
  ./RTE/_Target_1
  C:/Users/red/AppData/Local/Arm/Packs/ARM/CMSIS/5.9.0/CMSIS/Core/Include
  C:/Users/red/AppData/Local/Arm/Packs/Keil/STM32F4xx_DFP/2.17.0/Drivers/CMSIS/Device/ST/STM32F4xx/Include

<h2>Collection of Component Files used:</h2>

   * Component: ARM::CMSIS:CORE:5.6.0

   * Component: Keil::Device:Startup:2.6.3
      Source file:   MDK/Device/Source/ARM/STM32F4xx_OTP.s
      Include file:  Drivers/CMSIS/Device/ST/STM32F4xx/Include/stm32f4xx.h
      Source file:   Drivers/CMSIS/Device/ST/STM32F4xx/Source/Templates/arm/startup_stm32f446xx.s
      Source file:   MDK/Device/Source/ARM/STM32F446xx_OPT.s
      Source file:   Drivers/CMSIS/Device/ST/STM32F4xx/Source/Templates/system_stm32f4xx.c
Build Time Elapsed:  00:00:01
</pre>
</body>
</html>
